Archive member included because of file (symbol)

c:/freescale/kds_v3/toolchain/bin/../lib/gcc/arm-none-eabi/4.8.4/../../../../arm-none-eabi/lib/armv7e-m/fpu\libm.a(lib_a-w_sqrt.o)
                              ./Sources/main.o (sqrt)
c:/freescale/kds_v3/toolchain/bin/../lib/gcc/arm-none-eabi/4.8.4/../../../../arm-none-eabi/lib/armv7e-m/fpu\libm.a(lib_a-e_sqrt.o)
                              c:/freescale/kds_v3/toolchain/bin/../lib/gcc/arm-none-eabi/4.8.4/../../../../arm-none-eabi/lib/armv7e-m/fpu\libm.a(lib_a-w_sqrt.o) (__ieee754_sqrt)
c:/freescale/kds_v3/toolchain/bin/../lib/gcc/arm-none-eabi/4.8.4/../../../../arm-none-eabi/lib/armv7e-m/fpu\libm.a(lib_a-s_fpclassify.o)
                              c:/freescale/kds_v3/toolchain/bin/../lib/gcc/arm-none-eabi/4.8.4/../../../../arm-none-eabi/lib/armv7e-m/fpu\libm.a(lib_a-w_sqrt.o) (__fpclassifyd)
c:/freescale/kds_v3/toolchain/bin/../lib/gcc/arm-none-eabi/4.8.4/../../../../arm-none-eabi/lib/armv7e-m/fpu\libm.a(lib_a-s_lib_ver.o)
                              c:/freescale/kds_v3/toolchain/bin/../lib/gcc/arm-none-eabi/4.8.4/../../../../arm-none-eabi/lib/armv7e-m/fpu\libm.a(lib_a-w_sqrt.o) (__fdlib_version)
c:/freescale/kds_v3/toolchain/bin/../lib/gcc/arm-none-eabi/4.8.4/../../../../arm-none-eabi/lib/armv7e-m/fpu\libm.a(lib_a-s_matherr.o)
                              c:/freescale/kds_v3/toolchain/bin/../lib/gcc/arm-none-eabi/4.8.4/../../../../arm-none-eabi/lib/armv7e-m/fpu\libm.a(lib_a-w_sqrt.o) (matherr)
c:/freescale/kds_v3/toolchain/bin/../lib/gcc/arm-none-eabi/4.8.4/armv7e-m/fpu\libgcc.a(_arm_addsubdf3.o)
                              c:/freescale/kds_v3/toolchain/bin/../lib/gcc/arm-none-eabi/4.8.4/../../../../arm-none-eabi/lib/armv7e-m/fpu\libm.a(lib_a-e_sqrt.o) (__aeabi_dsub)
c:/freescale/kds_v3/toolchain/bin/../lib/gcc/arm-none-eabi/4.8.4/armv7e-m/fpu\libgcc.a(_arm_muldivdf3.o)
                              ./Sources/main.o (__aeabi_dmul)
c:/freescale/kds_v3/toolchain/bin/../lib/gcc/arm-none-eabi/4.8.4/armv7e-m/fpu\libgcc.a(_arm_cmpdf2.o)
                              c:/freescale/kds_v3/toolchain/bin/../lib/gcc/arm-none-eabi/4.8.4/../../../../arm-none-eabi/lib/armv7e-m/fpu\libm.a(lib_a-w_sqrt.o) (__aeabi_dcmplt)
c:/freescale/kds_v3/toolchain/bin/../lib/gcc/arm-none-eabi/4.8.4/armv7e-m/fpu\libgcc.a(_arm_fixdfsi.o)
                              ./Sources/main.o (__aeabi_d2iz)
c:/freescale/kds_v3/toolchain/bin/../lib/gcc/arm-none-eabi/4.8.4/armv7e-m/fpu\libgcc.a(_arm_fixunsdfsi.o)
                              ./Sources/main.o (__aeabi_d2uiz)
c:/freescale/kds_v3/toolchain/bin/../lib/gcc/arm-none-eabi/4.8.4/../../../../arm-none-eabi/lib/armv7e-m/fpu\libg_s.a(lib_a-errno.o)
                              c:/freescale/kds_v3/toolchain/bin/../lib/gcc/arm-none-eabi/4.8.4/../../../../arm-none-eabi/lib/armv7e-m/fpu\libm.a(lib_a-w_sqrt.o) (__errno)
c:/freescale/kds_v3/toolchain/bin/../lib/gcc/arm-none-eabi/4.8.4/../../../../arm-none-eabi/lib/armv7e-m/fpu\libg_s.a(lib_a-exit.o)
                              c:/freescale/kds_v3/toolchain/bin/../lib/gcc/arm-none-eabi/4.8.4/../../../../arm-none-eabi/lib/armv7e-m/fpu/crt0.o (exit)
c:/freescale/kds_v3/toolchain/bin/../lib/gcc/arm-none-eabi/4.8.4/../../../../arm-none-eabi/lib/armv7e-m/fpu\libg_s.a(lib_a-impure.o)
                              c:/freescale/kds_v3/toolchain/bin/../lib/gcc/arm-none-eabi/4.8.4/../../../../arm-none-eabi/lib/armv7e-m/fpu\libg_s.a(lib_a-exit.o) (_global_impure_ptr)
c:/freescale/kds_v3/toolchain/bin/../lib/gcc/arm-none-eabi/4.8.4/../../../../arm-none-eabi/lib/armv7e-m/fpu\libg_s.a(lib_a-init.o)
                              c:/freescale/kds_v3/toolchain/bin/../lib/gcc/arm-none-eabi/4.8.4/../../../../arm-none-eabi/lib/armv7e-m/fpu/crt0.o (__libc_init_array)
c:/freescale/kds_v3/toolchain/bin/../lib/gcc/arm-none-eabi/4.8.4/../../../../arm-none-eabi/lib/armv7e-m/fpu\libg_s.a(lib_a-memset.o)
                              c:/freescale/kds_v3/toolchain/bin/../lib/gcc/arm-none-eabi/4.8.4/../../../../arm-none-eabi/lib/armv7e-m/fpu/crt0.o (memset)
c:/freescale/kds_v3/toolchain/bin/../lib/gcc/arm-none-eabi/4.8.4/../../../../arm-none-eabi/lib/armv7e-m/fpu\libg_s.a(lib_a-rand.o)
                              ./Sources/main.o (rand)
c:/freescale/kds_v3/toolchain/bin/../lib/gcc/arm-none-eabi/4.8.4/../../../../arm-none-eabi/lib/armv7e-m/fpu\libg_s.a(lib_a-malloc.o)
                              c:/freescale/kds_v3/toolchain/bin/../lib/gcc/arm-none-eabi/4.8.4/../../../../arm-none-eabi/lib/armv7e-m/fpu\libg_s.a(lib_a-rand.o) (malloc)
c:/freescale/kds_v3/toolchain/bin/../lib/gcc/arm-none-eabi/4.8.4/../../../../arm-none-eabi/lib/armv7e-m/fpu\libg_s.a(lib_a-nano-freer.o)
                              c:/freescale/kds_v3/toolchain/bin/../lib/gcc/arm-none-eabi/4.8.4/../../../../arm-none-eabi/lib/armv7e-m/fpu\libg_s.a(lib_a-malloc.o) (_free_r)
c:/freescale/kds_v3/toolchain/bin/../lib/gcc/arm-none-eabi/4.8.4/../../../../arm-none-eabi/lib/armv7e-m/fpu\libg_s.a(lib_a-nano-mallocr.o)
[...]
Memory Configuration

Name             Origin             Length             Attributes
m_interrupts     0x00000000         0x00000198         xr
m_text           0x00000410         0x0007fbf0         xr
m_data           0x1fff0000         0x00010000         rw
m_data_20000000  0x20000000         0x00010000         rw
m_cfmprotrom     0x00000400         0x00000010         xr
*default*        0x00000000         0xffffffff

Linker script and memory map

LOAD c:/freescale/kds_v3/toolchain/bin/../lib/gcc/arm-none-eabi/4.8.4/armv7e-m/fpu/crti.o
LOAD c:/freescale/kds_v3/toolchain/bin/../lib/gcc/arm-none-eabi/4.8.4/armv7e-m/fpu/crtbegin.o
LOAD c:/freescale/kds_v3/toolchain/bin/../lib/gcc/arm-none-eabi/4.8.4/../../../../arm-none-eabi/lib/armv7e-m/fpu/crt0.o
LOAD ./Static_Code/System/CPU_Init.o
LOAD ./Static_Code/System/Peripherals_Init.o
LOAD ./Static_Code/System/Vectors.o
LOAD ./Sources/Events.o
LOAD ./Sources/main.o
LOAD ./Project_Settings/Startup_Code/startup.o
LOAD ./Generated_Code/AD1.o
LOAD ./Generated_Code/ASerialLdd1.o
LOAD ./Generated_Code/AdcLdd1.o
LOAD ./Generated_Code/Blue.o
LOAD ./Generated_Code/Cpu.o
LOAD ./Generated_Code/FC321.o
LOAD ./Generated_Code/Green.o
LOAD ./Generated_Code/Inhr1.o
LOAD ./Generated_Code/PE_LDD.o
LOAD ./Generated_Code/Pins1.o
LOAD ./Generated_Code/PwmLdd1.o
LOAD ./Generated_Code/PwmLdd2.o
LOAD ./Generated_Code/PwmLdd3.o
LOAD ./Generated_Code/RealTimeLdd1.o
LOAD ./Generated_Code/Red.o
LOAD ./Generated_Code/TU1.o
LOAD ./Generated_Code/TU2.o
LOAD ./Generated_Code/Term1.o
LOAD c:/freescale/kds_v3/toolchain/bin/../lib/gcc/arm-none-eabi/4.8.4/../../../../arm-none-eabi/lib/armv7e-m/fpu\libstdc++_s.a
LOAD c:/freescale/kds_v3/toolchain/bin/../lib/gcc/arm-none-eabi/4.8.4/../../../../arm-none-eabi/lib/armv7e-m/fpu\libm.a
START GROUP
LOAD c:/freescale/kds_v3/toolchain/bin/../lib/gcc/arm-none-eabi/4.8.4/armv7e-m/fpu\libgcc.a
LOAD c:/freescale/kds_v3/toolchain/bin/../lib/gcc/arm-none-eabi/4.8.4/../../../../arm-none-eabi/lib/armv7e-m/fpu\libg_s.a
LOAD c:/freescale/kds_v3/toolchain/bin/../lib/gcc/arm-none-eabi/4.8.4/../../../../arm-none-eabi/lib/armv7e-m/fpu\libc_s.a
END GROUP
START GROUP
LOAD c:/freescale/kds_v3/toolchain/bin/../lib/gcc/arm-none-eabi/4.8.4/armv7e-m/fpu\libgcc.a
LOAD c:/freescale/kds_v3/toolchain/bin/../lib/gcc/arm-none-eabi/4.8.4/../../../../arm-none-eabi/lib/armv7e-m/fpu\libc_s.a
LOAD c:/freescale/kds_v3/toolchain/bin/../lib/gcc/arm-none-eabi/4.8.4/../../../../arm-none-eabi/lib/armv7e-m/fpu\libnosys.a
END GROUP
START GROUP
LOAD c:/freescale/kds_v3/toolchain/bin/../lib/gcc/arm-none-eabi/4.8.4/armv7e-m/fpu\libgcc.a
LOAD c:/freescale/kds_v3/toolchain/bin/../lib/gcc/arm-none-eabi/4.8.4/../../../../arm-none-eabi/lib/armv7e-m/fpu\libc_s.a
LOAD c:/freescale/kds_v3/toolchain/bin/../lib/gcc/arm-none-eabi/4.8.4/../../../../arm-none-eabi/lib/armv7e-m/fpu\libnosys.a
END GROUP
LOAD c:/freescale/kds_v3/toolchain/bin/../lib/gcc/arm-none-eabi/4.8.4/armv7e-m/fpu/crtend.o
LOAD c:/freescale/kds_v3/toolchain/bin/../lib/gcc/arm-none-eabi/4.8.4/armv7e-m/fpu/crtn.o
                0x20000000                _estack = 0x20000000
                0x20000000                __SP_INIT = _estack
                0x20000000                __stack = _estack
                0x00000000                __heap_size = 0x0
                0x00000400                __stack_size = 0x400

.interrupts     0x00000000      0x198
                0x00000000                __vector_table = .
                0x00000000                . = ALIGN (0x4)
 *(.vectortable)
 .vectortable   0x00000000      0x198 ./Static_Code/System/Vectors.o
                0x00000000                __vect_table
                0x00000198                . = ALIGN (0x4)

.cfmprotect     0x00000400       0x10
                0x00000400                . = ALIGN (0x4)
 *(.cfmconfig)
 .cfmconfig     0x00000400       0x10 ./Static_Code/System/CPU_Init.o
                0x00000400                _cfm
                0x00000410                . = ALIGN (0x4)

.text           0x00000410     0x3b24
                0x00000410                . = ALIGN (0x4)
 *(.text)
 .text          0x00000410       0x54 c:/freescale/kds_v3/toolchain/bin/../lib/gcc/arm-none-eabi/4.8.4/armv7e-m/fpu/crtbegin.o
 .text          0x00000464       0x74 c:/freescale/kds_v3/toolchain/bin/../lib/gcc/arm-none-eabi/4.8.4/../../../../arm-none-eabi/lib/armv7e-m/fpu/crt0.o
                0x00000464                _start
                0x00000464                _mainCRTStartup
 .text          0x000004d8      0x370 c:/freescale/kds_v3/toolchain/bin/../lib/gcc/arm-none-eabi/4.8.4/armv7e-m/fpu\libgcc.a(_arm_addsubdf3.o)
                0x000004d8                __aeabi_drsub
                0x000004e0                __aeabi_dsub
                0x000004e0                __subdf3
                0x000004e4                __aeabi_dadd
                0x000004e4                __adddf3
                0x0000075c                __floatunsidf
                0x0000075c                __aeabi_ui2d
                0x0000077c                __floatsidf
                0x0000077c                __aeabi_i2d
                0x000007a0                __aeabi_f2d
                0x000007a0                __extendsfdf2
                0x000007dc                __floatundidf
                0x000007dc                __aeabi_ul2d
                0x000007ec                __floatdidf
                0x000007ec                __aeabi_l2d
 .text          0x00000848      0x424 c:/freescale/kds_v3/toolchain/bin/../lib/gcc/arm-none-eabi/4.8.4/armv7e-m/fpu\libgcc.a(_arm_muldivdf3.o)
                0x00000848                __aeabi_dmul
                0x00000848                __muldf3
                0x00000a9c                __divdf3
                0x00000a9c                __aeabi_ddiv
 .text          0x00000c6c      0x110 c:/freescale/kds_v3/toolchain/bin/../lib/gcc/arm-none-eabi/4.8.4/armv7e-m/fpu\libgcc.a(_arm_cmpdf2.o)
                0x00000c6c                __gtdf2
                0x00000c6c                __gedf2
                0x00000c74                __ltdf2
                0x00000c74                __ledf2
                0x00000c7c                __nedf2
                0x00000c7c                __eqdf2
                0x00000c7c                __cmpdf2
                0x00000cf8                __aeabi_cdrcmple
                0x00000d08                __aeabi_cdcmpeq
                0x00000d08                __aeabi_cdcmple
                0x00000d18                __aeabi_dcmpeq
                0x00000d2c                __aeabi_dcmplt
                0x00000d40                __aeabi_dcmple
                0x00000d54                __aeabi_dcmpge
                0x00000d68                __aeabi_dcmpgt
 .text          0x00000d7c       0x50 c:/freescale/kds_v3/toolchain/bin/../lib/gcc/arm-none-eabi/4.8.4/armv7e-m/fpu\libgcc.a(_arm_fixdfsi.o)
                0x00000d7c                __aeabi_d2iz
                0x00000d7c                __fixdfsi
 .text          0x00000dcc       0x40 c:/freescale/kds_v3/toolchain/bin/../lib/gcc/arm-none-eabi/4.8.4/armv7e-m/fpu\libgcc.a(_arm_fixunsdfsi.o)
                0x00000dcc                __aeabi_d2uiz
                0x00000dcc                __fixunsdfsi
 *(.text*)
 .text.CPU_SetBASEPRI
                0x00000e0c       0x18 ./Static_Code/System/CPU_Init.o
                0x00000e0c                CPU_SetBASEPRI
 .text.__init_hardware
                0x00000e24       0xb4 ./Static_Code/System/CPU_Init.o
                0x00000e24                __init_hardware
 .text.PE_low_level_init
                0x00000ed8       0x44 ./Static_Code/System/CPU_Init.o
                0x00000ed8                PE_low_level_init
 .text.CPU_GetClockGenMode
                0x00000f1c       0x90 ./Static_Code/System/CPU_Init.o
                0x00000f1c                CPU_GetClockGenMode
 .text.CPU_SetClockConfigGenMode
                0x00000fac      0x54c ./Static_Code/System/CPU_Init.o
                0x00000fac                CPU_SetClockConfigGenMode
 .text.UnhandledInterrupt
                0x000014f8       0x18 ./Static_Code/System/Vectors.o
                0x000014f8                UnhandledInterrupt
 .text.Cpu_OnNMI
                0x00001510        0xc ./Sources/Events.o
                0x00001510                Cpu_OnNMI
 .text.Inhr1_OnRxChar
                0x0000151c       0x10 ./Sources/Events.o
                0x0000151c                Inhr1_OnRxChar
 .text.AD1_OnEnd
                0x0000152c        0xc ./Sources/Events.o
                0x0000152c                AD1_OnEnd
 .text.AD1_OnCalibrationEnd
                0x00001538        0xc ./Sources/Events.o
                0x00001538                AD1_OnCalibrationEnd
 .text.delay    0x00001544       0x4c ./Sources/main.o
                0x00001544                delay
 .text.drawTheme
                0x00001590       0x54 ./Sources/main.o
                0x00001590                drawTheme
 .text.GUIStart
                0x000015e4       0x3c ./Sources/main.o
                0x000015e4                GUIStart
 .text.GUIMonitorMode
                0x00001620       0xac ./Sources/main.o
                0x00001620                GUIMonitorMode
 *fill*         0x000016cc        0x4 
 .text.calculateX_measured
                0x000016d0       0xa8 ./Sources/main.o
                0x000016d0                calculateX_measured
 .text.calculateX_smooth
                0x00001778       0x74 ./Sources/main.o
                0x00001778                calculateX_smooth
 .text.generateRandom
                0x000017ec       0x34 ./Sources/main.o
                0x000017ec                generateRandom
 .text.cleanPromot
                0x00001820       0x64 ./Sources/main.o
                0x00001820                cleanPromot
 *fill*         0x00001884        0x4 
 .text.calculatePWM
                0x00001888       0x88 ./Sources/main.o
                0x00001888                calculatePWM
 .text.setPWM   0x00001910       0x7c ./Sources/main.o
                0x00001910                setPWM
 .text.GUIWin   0x0000198c       0x2c ./Sources/main.o
                0x0000198c                GUIWin
 .text.main     0x000019b8      0x2ec ./Sources/main.o
                0x000019b8                main
 .text.__copy_rom_section
                0x00001ca4       0xe4 ./Project_Settings/Startup_Code/startup.o
                0x00001ca4                __copy_rom_section
 .text.__copy_rom_sections_to_ram
                0x00001d88       0x9c ./Project_Settings/Startup_Code/startup.o
                0x00001d88                __copy_rom_sections_to_ram
 .text.__init_registers
                0x00001e24       0x20 ./Project_Settings/Startup_Code/startup.o
                0x00001e24                __init_registers
 .text.__init_user
                0x00001e44        0xc ./Project_Settings/Startup_Code/startup.o
                0x00001e44                __init_user
 .text.__thumb_startup
                0x00001e50       0x34 ./Project_Settings/Startup_Code/startup.o
                0x00001e50                __thumb_startup
 .text.AD1_HWEnDi
                0x00001e84       0x44 ./Generated_Code/AD1.o
                0x00001e84                AD1_HWEnDi
 .text.AD1_Measure
                0x00001ec8       0x44 ./Generated_Code/AD1.o
                0x00001ec8                AD1_Measure
 .text.AD1_GetValue16
                0x00001f0c       0x38 ./Generated_Code/AD1.o
                0x00001f0c                AD1_GetValue16
 .text.AD1_Calibrate
                0x00001f44       0x7c ./Generated_Code/AD1.o
                0x00001f44                AD1_Calibrate
 .text.AdcLdd1_OnMeasurementComplete
                0x00001fc0       0x5c ./Generated_Code/AD1.o
                0x00001fc0                AdcLdd1_OnMeasurementComplete
 .text.AD1_Init
                0x0000201c       0x2c ./Generated_Code/AD1.o
                0x0000201c                AD1_Init
 .text.ASerialLdd1_Init
                0x00002048      0x1d8 ./Generated_Code/ASerialLdd1.o
                0x00002048                ASerialLdd1_Init
 .text.ASerialLdd1_ReceiveBlock
                0x00002220       0x90 ./Generated_Code/ASerialLdd1.o
                0x00002220                ASerialLdd1_ReceiveBlock
 .text.ASerialLdd1_SendBlock
                0x000022b0       0xbc ./Generated_Code/ASerialLdd1.o
                0x000022b0                ASerialLdd1_SendBlock
 .text.InterruptRx
                0x0000236c       0x58 ./Generated_Code/ASerialLdd1.o
 .text.InterruptTx
                0x000023c4       0x80 ./Generated_Code/ASerialLdd1.o
 .text.ASerialLdd1_Interrupt
                0x00002444       0xf4 ./Generated_Code/ASerialLdd1.o
                0x00002444                ASerialLdd1_Interrupt
 .text.ASerialLdd1_GetError
                0x00002538       0x70 ./Generated_Code/ASerialLdd1.o
                0x00002538                ASerialLdd1_GetError
 .text.AdcLdd1_Init
                0x000025a8       0xec ./Generated_Code/AdcLdd1.o
                0x000025a8                AdcLdd1_Init
 .text.AdcLdd1_StartSingleMeasurement
                0x00002694       0x4c ./Generated_Code/AdcLdd1.o
                0x00002694                AdcLdd1_StartSingleMeasurement
 .text.AdcLdd1_CreateSampleGroup
                0x000026e0       0x64 ./Generated_Code/AdcLdd1.o
                0x000026e0                AdcLdd1_CreateSampleGroup
 .text.AdcLdd1_GetMeasuredValues
                0x00002744       0x4c ./Generated_Code/AdcLdd1.o
                0x00002744                AdcLdd1_GetMeasuredValues
 .text.AdcLdd1_GetMeasurementCompleteStatus
                0x00002790       0x78 ./Generated_Code/AdcLdd1.o
                0x00002790                AdcLdd1_GetMeasurementCompleteStatus
 .text.AdcLdd1_StartCalibration
                0x00002808       0x4c ./Generated_Code/AdcLdd1.o
                0x00002808                AdcLdd1_StartCalibration
 .text.AdcLdd1_GetCalibrationResultStatus
                0x00002854       0xbc ./Generated_Code/AdcLdd1.o
                0x00002854                AdcLdd1_GetCalibrationResultStatus
 .text.AdcLdd1_MeasurementCompleteInterrupt
                0x00002910       0x3c ./Generated_Code/AdcLdd1.o
                0x00002910                AdcLdd1_MeasurementCompleteInterrupt
 .text.Components_Init
                0x0000294c       0x28 ./Generated_Code/Cpu.o
                0x0000294c                Components_Init
 .text.Cpu_INT_NMIInterrupt
                0x00002974       0x1c ./Generated_Code/Cpu.o
                0x00002974                Cpu_INT_NMIInterrupt
 .text.HWEnDi   0x00002990       0x1c ./Generated_Code/Inhr1.o
 .text.Inhr1_RecvChar
                0x000029ac       0xd8 ./Generated_Code/Inhr1.o
                0x000029ac                Inhr1_RecvChar
 .text.Inhr1_SendChar
                0x00002a84       0xdc ./Generated_Code/Inhr1.o
                0x00002a84                Inhr1_SendChar
 .text.Inhr1_Init
                0x00002b60       0x60 ./Generated_Code/Inhr1.o
                0x00002b60                Inhr1_Init
 .text.ASerialLdd1_OnBlockReceived
                0x00002bc0       0x90 ./Generated_Code/Inhr1.o
                0x00002bc0                ASerialLdd1_OnBlockReceived
 .text.ASerialLdd1_OnBlockSent
                0x00002c50       0x88 ./Generated_Code/Inhr1.o
                0x00002c50                ASerialLdd1_OnBlockSent
 .text.ASerialLdd1_OnError
                0x00002cd8       0x98 ./Generated_Code/Inhr1.o
                0x00002cd8                ASerialLdd1_OnError
 .text.ASerialLdd1_OnBreak
                0x00002d70       0x24 ./Generated_Code/Inhr1.o
                0x00002d70                ASerialLdd1_OnBreak
 .text.PwmLdd1_Init
                0x00002d94       0x54 ./Generated_Code/PwmLdd1.o
                0x00002d94                PwmLdd1_Init
 .text.PwmLdd1_SetRatio16
                0x00002de8       0x28 ./Generated_Code/PwmLdd1.o
                0x00002de8                PwmLdd1_SetRatio16
 .text.SetRatio
                0x00002e10       0x54 ./Generated_Code/PwmLdd1.o
 .text.PwmLdd2_Init
                0x00002e64       0x54 ./Generated_Code/PwmLdd2.o
                0x00002e64                PwmLdd2_Init
 .text.PwmLdd2_SetRatio16
                0x00002eb8       0x28 ./Generated_Code/PwmLdd2.o
                0x00002eb8                PwmLdd2_SetRatio16
 .text.SetRatio
                0x00002ee0       0x54 ./Generated_Code/PwmLdd2.o
 .text.PwmLdd3_Init
                0x00002f34       0x54 ./Generated_Code/PwmLdd3.o
                0x00002f34                PwmLdd3_Init
 .text.PwmLdd3_SetRatio16
                0x00002f88       0x28 ./Generated_Code/PwmLdd3.o
                0x00002f88                PwmLdd3_SetRatio16
 .text.SetRatio
                0x00002fb0       0x54 ./Generated_Code/PwmLdd3.o
 .text.RealTimeLdd1_Init
                0x00003004       0x5c ./Generated_Code/RealTimeLdd1.o
                0x00003004                RealTimeLdd1_Init
 .text.RealTimeLdd1_Reset
                0x00003060       0x74 ./Generated_Code/RealTimeLdd1.o
                0x00003060                RealTimeLdd1_Reset
 .text.RealTimeLdd1_GetTimeMS
                0x000030d4       0xbc ./Generated_Code/RealTimeLdd1.o
                0x000030d4                RealTimeLdd1_GetTimeMS
 .text.TU1_OnCounterRestart
                0x00003190       0x34 ./Generated_Code/RealTimeLdd1.o
                0x00003190                TU1_OnCounterRestart
 .text.TU1_Init
                0x000031c4       0xd4 ./Generated_Code/TU1.o
                0x000031c4                TU1_Init
 .text.TU1_ResetCounter
                0x00003298       0x20 ./Generated_Code/TU1.o
                0x00003298                TU1_ResetCounter
 .text.TU1_Interrupt
                0x000032b8       0x6c ./Generated_Code/TU1.o
                0x000032b8                TU1_Interrupt
 .text.TU2_Init
                0x00003324      0x150 ./Generated_Code/TU2.o
                0x00003324                TU2_Init
 .text.TU2_GetPeriodTicks
                0x00003474       0x30 ./Generated_Code/TU2.o
                0x00003474                TU2_GetPeriodTicks
 .text.TU2_SetOffsetTicks
                0x000034a4       0x54 ./Generated_Code/TU2.o
                0x000034a4                TU2_SetOffsetTicks
 .text.Term1_SendChar
                0x000034f8       0x20 ./Generated_Code/Term1.o
                0x000034f8                Term1_SendChar
 .text.SendESCPrefix
                0x00003518       0x24 ./Generated_Code/Term1.o
 .text.Term1_SendStr
                0x0000353c       0x34 ./Generated_Code/Term1.o
                0x0000353c                Term1_SendStr
 .text.LongToStr
                0x00003570       0xf4 ./Generated_Code/Term1.o
 .text.Term1_SendNum
                0x00003664       0x54 ./Generated_Code/Term1.o
                0x00003664                Term1_SendNum
 .text.Term1_Cls
                0x000036b8       0x28 ./Generated_Code/Term1.o
                0x000036b8                Term1_Cls
 .text.Term1_MoveTo
                0x000036e0       0x44 ./Generated_Code/Term1.o
                0x000036e0                Term1_MoveTo
 .text.Term1_SetColor
                0x00003724       0x64 ./Generated_Code/Term1.o
                0x00003724                Term1_SetColor
 .text.Term1_EraseLine
                0x00003788       0x18 ./Generated_Code/Term1.o
                0x00003788                Term1_EraseLine
 .text.sqrt     0x000037a0       0xbc c:/freescale/kds_v3/toolchain/bin/../lib/gcc/arm-none-eabi/4.8.4/../../../../arm-none-eabi/lib/armv7e-m/fpu\libm.a(lib_a-w_sqrt.o)
                0x000037a0                sqrt
 .text.__ieee754_sqrt
                0x0000385c      0x198 c:/freescale/kds_v3/toolchain/bin/../lib/gcc/arm-none-eabi/4.8.4/../../../../arm-none-eabi/lib/armv7e-m/fpu\libm.a(lib_a-e_sqrt.o)
                0x0000385c                __ieee754_sqrt
 .text.__fpclassifyd
                0x000039f4       0x54 c:/freescale/kds_v3/toolchain/bin/../lib/gcc/arm-none-eabi/4.8.4/../../../../arm-none-eabi/lib/armv7e-m/fpu\libm.a(lib_a-s_fpclassify.o)
                0x000039f4                __fpclassifyd
 .text.matherr  0x00003a48        0x4 c:/freescale/kds_v3/toolchain/bin/../lib/gcc/arm-none-eabi/4.8.4/../../../../arm-none-eabi/lib/armv7e-m/fpu\libm.a(lib_a-s_matherr.o)
                0x00003a48                matherr
 .text.__errno  0x00003a4c        0xc c:/freescale/kds_v3/toolchain/bin/../lib/gcc/arm-none-eabi/4.8.4/../../../../arm-none-eabi/lib/armv7e-m/fpu\libg_s.a(lib_a-errno.o)
                0x00003a4c                __errno
 .text.exit     0x00003a58       0x28 c:/freescale/kds_v3/toolchain/bin/../lib/gcc/arm-none-eabi/4.8.4/../../../../arm-none-eabi/lib/armv7e-m/fpu\libg_s.a(lib_a-exit.o)
                0x00003a58                exit
 .text.__libc_init_array
                0x00003a80       0x4c c:/freescale/kds_v3/toolchain/bin/../lib/gcc/arm-none-eabi/4.8.4/../../../../arm-none-eabi/lib/armv7e-m/fpu\libg_s.a(lib_a-init.o)
                0x00003a80                __libc_init_array
 .text.memset   0x00003acc       0x10 c:/freescale/kds_v3/toolchain/bin/../lib/gcc/arm-none-eabi/4.8.4/../../../../arm-none-eabi/lib/armv7e-m/fpu\libg_s.a(lib_a-memset.o)
                0x00003acc                memset
 .text.rand     0x00003adc       0x74 c:/freescale/kds_v3/toolchain/bin/../lib/gcc/arm-none-eabi/4.8.4/../../../../arm-none-eabi/lib/armv7e-m/fpu\libg_s.a(lib_a-rand.o)
                0x00003adc                rand
 .text.malloc   0x00003b50       0x10 c:/freescale/kds_v3/toolchain/bin/../lib/gcc/arm-none-eabi/4.8.4/../../../../arm-none-eabi/lib/armv7e-m/fpu\libg_s.a(lib_a-malloc.o)
                0x00003b50                malloc
 .text._malloc_r
                0x00003b60       0xa8 c:/freescale/kds_v3/toolchain/bin/../lib/gcc/arm-none-eabi/4.8.4/../../../../arm-none-eabi/lib/armv7e-m/fpu\libg_s.a(lib_a-nano-mallocr.o)
                0x00003b60                _malloc_r
 .text._sbrk_r  0x00003c08       0x20 c:/freescale/kds_v3/toolchain/bin/../lib/gcc/arm-none-eabi/4.8.4/../../../../arm-none-eabi/lib/armv7e-m/fpu\libg_s.a(lib_a-sbrkr.o)
                0x00003c08                _sbrk_r
 .text._sbrk    0x00003c28       0x34 c:/freescale/kds_v3/toolchain/bin/../lib/gcc/arm-none-eabi/4.8.4/../../../../arm-none-eabi/lib/armv7e-m/fpu\libnosys.a(sbrk.o)
                0x00003c28                _sbrk
 .text._exit    0x00003c5c        0x4 c:/freescale/kds_v3/toolchain/bin/../lib/gcc/arm-none-eabi/4.8.4/../../../../arm-none-eabi/lib/armv7e-m/fpu\libnosys.a(_exit.o)
                0x00003c5c                _exit
 *(.rodata)
 .rodata        0x00003c60      0x1a8 ./Sources/main.o
 *(.rodata*)
 .rodata.ClockGenModeMatrix
                0x00003e08       0x80 ./Static_Code/System/CPU_Init.o
 .rodata.CPU_ClockConfigDescriptors
                0x00003e88       0x1c ./Static_Code/System/CPU_Init.o
 .rodata.CPU_DefaultFEI
                0x00003ea4        0x8 ./Static_Code/System/CPU_Init.o
 .rodata.CPU_DefaultFBI
                0x00003eac        0x8 ./Static_Code/System/CPU_Init.o
 .rodata.CPU_DefaultBLPI
                0x00003eb4        0x8 ./Static_Code/System/CPU_Init.o
 .rodata.CPU_DefaultFEE
                0x00003ebc        0x8 ./Static_Code/System/CPU_Init.o
 .rodata.CPU_DefaultFBE
                0x00003ec4        0x8 ./Static_Code/System/CPU_Init.o
 .rodata.CPU_DefaultBLPE
                0x00003ecc        0x8 ./Static_Code/System/CPU_Init.o
 .rodata.CPU_DefaultPBE
                0x00003ed4        0x8 ./Static_Code/System/CPU_Init.o
 .rodata.CPU_DefaultPEE
                0x00003edc        0x8 ./Static_Code/System/CPU_Init.o
 .rodata.CPU_ClockGenModeRegs
                0x00003ee4       0x20 ./Static_Code/System/CPU_Init.o
 .rodata.ChannelDevice
                0x00003f04        0x4 ./Generated_Code/TU2.o
 .rodata.ChannelMode
                0x00003f08        0x4 ./Generated_Code/TU2.o
 .rodata.str1.4
                0x00003f0c        0x8 c:/freescale/kds_v3/toolchain/bin/../lib/gcc/arm-none-eabi/4.8.4/../../../../arm-none-eabi/lib/armv7e-m/fpu\libm.a(lib_a-w_sqrt.o)
 .rodata.str1.1
                0x00003f14        0x2 c:/freescale/kds_v3/toolchain/bin/../lib/gcc/arm-none-eabi/4.8.4/../../../../arm-none-eabi/lib/armv7e-m/fpu\libg_s.a(lib_a-impure.o)
 *fill*         0x00003f16        0x2 
 .rodata._global_impure_ptr
                0x00003f18        0x4 c:/freescale/kds_v3/toolchain/bin/../lib/gcc/arm-none-eabi/4.8.4/../../../../arm-none-eabi/lib/armv7e-m/fpu\libg_s.a(lib_a-impure.o)
                0x00003f18                _global_impure_ptr
 *(.glue_7)
 .glue_7        0x00000000        0x0 linker stubs
 *(.glue_7t)
 .glue_7t       0x00000000        0x0 linker stubs
 *(.eh_frame)
 .eh_frame      0x00003f1c        0x0 c:/freescale/kds_v3/toolchain/bin/../lib/gcc/arm-none-eabi/4.8.4/armv7e-m/fpu/crtbegin.o
 *(.init)
 .init          0x00003f1c        0x4 c:/freescale/kds_v3/toolchain/bin/../lib/gcc/arm-none-eabi/4.8.4/armv7e-m/fpu/crti.o
                0x00003f1c                _init
 .init          0x00003f20        0x8 c:/freescale/kds_v3/toolchain/bin/../lib/gcc/arm-none-eabi/4.8.4/armv7e-m/fpu/crtn.o
 *(.fini)
 .fini          0x00003f28        0x4 c:/freescale/kds_v3/toolchain/bin/../lib/gcc/arm-none-eabi/4.8.4/armv7e-m/fpu/crti.o
                0x00003f28                _fini
 .fini          0x00003f2c        0x8 c:/freescale/kds_v3/toolchain/bin/../lib/gcc/arm-none-eabi/4.8.4/armv7e-m/fpu/crtn.o
                0x00003f34                . = ALIGN (0x4)
                0x00003f34                _etext = .

.vfp11_veneer   0x00003f34        0x0
 .vfp11_veneer  0x00000000        0x0 linker stubs

.v4_bx          0x00003f34        0x0
 .v4_bx         0x00000000        0x0 linker stubs

.iplt           0x00003f34        0x0
 .iplt          0x00000000        0x0 c:/freescale/kds_v3/toolchain/bin/../lib/gcc/arm-none-eabi/4.8.4/armv7e-m/fpu/crtbegin.o

.ARM.extab
 *(.ARM.extab* .gnu.linkonce.armextab.*)

.ARM            0x00003f34        0x8
                0x00003f34                __exidx_start = .
 *(.ARM.exidx*)
 .ARM.exidx     0x00003f34        0x8 c:/freescale/kds_v3/toolchain/bin/../lib/gcc/arm-none-eabi/4.8.4/../../../../arm-none-eabi/lib/armv7e-m/fpu/crt0.o
                0x00003f3c                __exidx_end = .

.rel.dyn        0x00003f3c        0x0
 .rel.iplt      0x00000000        0x0 c:/freescale/kds_v3/toolchain/bin/../lib/gcc/arm-none-eabi/4.8.4/armv7e-m/fpu/crtbegin.o

.ctors          0x00003f3c        0x0
                0x00003f3c                __CTOR_LIST__ = .
 *crtbegin.o(.ctors)
 *(EXCLUDE_FILE(*crtend.o) .ctors)
 *(SORT(.ctors.*))
 *(.ctors)
                0x00003f3c                __CTOR_END__ = .

.dtors          0x00003f3c        0x0
                0x00003f3c                __DTOR_LIST__ = .
 *crtbegin.o(.dtors)
 *(EXCLUDE_FILE(*crtend.o) .dtors)
 *(SORT(.dtors.*))
 *(.dtors)
                0x00003f3c                __DTOR_END__ = .

.preinit_array  0x00003f3c        0x0
                0x00003f3c                PROVIDE (__preinit_array_start, .)
 *(.preinit_array*)
                0x00003f3c                PROVIDE (__preinit_array_end, .)

.init_array     0x00003f3c        0x4
                0x00003f3c                PROVIDE (__init_array_start, .)
 *(SORT(.init_array.*))
 *(.init_array*)
 .init_array    0x00003f3c        0x4 c:/freescale/kds_v3/toolchain/bin/../lib/gcc/arm-none-eabi/4.8.4/armv7e-m/fpu/crtbegin.o
                0x00003f40                PROVIDE (__init_array_end, .)

.fini_array     0x00003f40        0x4
                0x00003f40                PROVIDE (__fini_array_start, .)
 *(SORT(.fini_array.*))
 *(.fini_array*)
 .fini_array    0x00003f40        0x4 c:/freescale/kds_v3/toolchain/bin/../lib/gcc/arm-none-eabi/4.8.4/armv7e-m/fpu/crtbegin.o
                0x00003f44                PROVIDE (__fini_array_end, .)
                0x00003f44                ___ROM_AT = .

.data           0x1fff0000       0x6c load address 0x00003f44
                0x1fff0000                . = ALIGN (0x4)
                0x1fff0000                _sdata = .
 *(.data)
 *(.data*)
 .data.monitorTime
                0x1fff0000        0x4 ./Sources/main.o
                0x1fff0000                monitorTime
 .data.x_smooth
                0x1fff0004        0x2 ./Sources/main.o
                0x1fff0004                x_smooth
 .data.__fdlib_version
                0x1fff0006        0x1 c:/freescale/kds_v3/toolchain/bin/../lib/gcc/arm-none-eabi/4.8.4/../../../../arm-none-eabi/lib/armv7e-m/fpu\libm.a(lib_a-s_lib_ver.o)
                0x1fff0006                __fdlib_version
 *fill*         0x1fff0007        0x1 
 .data.impure_data
                0x1fff0008       0x60 c:/freescale/kds_v3/toolchain/bin/../lib/gcc/arm-none-eabi/4.8.4/../../../../arm-none-eabi/lib/armv7e-m/fpu\libg_s.a(lib_a-impure.o)
 .data._impure_ptr
                0x1fff0068        0x4 c:/freescale/kds_v3/toolchain/bin/../lib/gcc/arm-none-eabi/4.8.4/../../../../arm-none-eabi/lib/armv7e-m/fpu\libg_s.a(lib_a-impure.o)
                0x1fff0068                _impure_ptr
                0x1fff006c                . = ALIGN (0x4)
                0x1fff006c                _edata = .
                0x0000006c                ___data_size = (_edata - _sdata)
                0x00003fb0                ___m_data_20000000_ROMStart = (___ROM_AT + SIZEOF (.data))

.jcr            0x1fff006c        0x0 load address 0x00003fb0
 .jcr           0x1fff006c        0x0 c:/freescale/kds_v3/toolchain/bin/../lib/gcc/arm-none-eabi/4.8.4/armv7e-m/fpu/crtbegin.o

.igot.plt       0x1fff006c        0x0 load address 0x00003fb0
 .igot.plt      0x00000000        0x0 c:/freescale/kds_v3/toolchain/bin/../lib/gcc/arm-none-eabi/4.8.4/armv7e-m/fpu/crtbegin.o

.m_data_20000000
                0x20000000        0x0 load address 0x00003fb0
                0x20000000                . = ALIGN (0x4)
                0x20000000                ___m_data_20000000_RAMStart = .
 *(.m_data_20000000)
                0x20000000                ___m_data_20000000_RAMEnd = .
                0x20000000                . = ALIGN (0x4)
                0x00000000                ___m_data_20000000_ROMSize = (___m_data_20000000_RAMEnd - ___m_data_20000000_RAMStart)
                0x20000000                . = ALIGN (0x4)

.bss            0x1fff006c      0x188 load address 0x00003fb0
                0x1fff006c                __START_BSS = .
                0x1fff006c                PROVIDE (__bss_start__, __START_BSS)
 *(.bss)
 .bss           0x1fff006c       0x1c c:/freescale/kds_v3/toolchain/bin/../lib/gcc/arm-none-eabi/4.8.4/armv7e-m/fpu/crtbegin.o
 *(.bss*)
 .bss.SR_lock   0x1fff0088        0x1 ./Static_Code/System/CPU_Init.o
                0x1fff0088                SR_lock
 .bss.ModeFlg   0x1fff0089        0x1 ./Generated_Code/AD1.o
 *fill*         0x1fff008a        0x2 
 .bss.SampleGroup
                0x1fff008c        0x4 ./Generated_Code/AD1.o
 .bss.OutFlg    0x1fff0090        0x1 ./Generated_Code/AD1.o
 *fill*         0x1fff0091        0x3 
 .bss.DeviceDataPrv__DEFAULT_RTOS_ALLOC
                0x1fff0094       0x20 ./Generated_Code/ASerialLdd1.o
 .bss.INT_UART1_RX_TX__DEFAULT_RTOS_ISRPARAM
                0x1fff00b4        0x4 ./Generated_Code/ASerialLdd1.o
 .bss.INT_UART1_ERR__DEFAULT_RTOS_ISRPARAM
                0x1fff00b8        0x4 ./Generated_Code/ASerialLdd1.o
 .bss.DeviceDataPrv__DEFAULT_RTOS_ALLOC
                0x1fff00bc        0x8 ./Generated_Code/AdcLdd1.o
 .bss.INT_ADC0__DEFAULT_RTOS_ISRPARAM
                0x1fff00c4        0x4 ./Generated_Code/AdcLdd1.o
 .bss.SerFlag   0x1fff00c8        0x2 ./Generated_Code/Inhr1.o
 .bss.Inhr1_InpLen
                0x1fff00ca        0x2 ./Generated_Code/Inhr1.o
 .bss.InpIndexR
                0x1fff00cc        0x2 ./Generated_Code/Inhr1.o
 .bss.InpIndexW
                0x1fff00ce        0x2 ./Generated_Code/Inhr1.o
 .bss.InpBuffer
                0x1fff00d0        0x8 ./Generated_Code/Inhr1.o
 .bss.BufferRead
                0x1fff00d8        0x1 ./Generated_Code/Inhr1.o
 *fill*         0x1fff00d9        0x1 
 .bss.Inhr1_OutLen
                0x1fff00da        0x2 ./Generated_Code/Inhr1.o
 .bss.OutIndexR
                0x1fff00dc        0x2 ./Generated_Code/Inhr1.o
 .bss.OutIndexW
                0x1fff00de        0x2 ./Generated_Code/Inhr1.o
 .bss.OutBuffer
                0x1fff00e0       0x80 ./Generated_Code/Inhr1.o
 .bss.PE_LDD_DeviceDataList
                0x1fff0160       0x20 ./Generated_Code/PE_LDD.o
                0x1fff0160                PE_LDD_DeviceDataList
 .bss.DeviceDataPrv__DEFAULT_RTOS_ALLOC
                0x1fff0180        0xc ./Generated_Code/PwmLdd1.o
 .bss.DeviceDataPrv__DEFAULT_RTOS_ALLOC
                0x1fff018c        0xc ./Generated_Code/PwmLdd2.o
 .bss.DeviceDataPrv__DEFAULT_RTOS_ALLOC
                0x1fff0198        0xc ./Generated_Code/PwmLdd3.o
 .bss.DeviceDataPrv__DEFAULT_RTOS_ALLOC
                0x1fff01a4       0x14 ./Generated_Code/RealTimeLdd1.o
 .bss.DeviceDataPrv__DEFAULT_RTOS_ALLOC
                0x1fff01b8        0xc ./Generated_Code/TU1.o
 .bss.INT_FTM1__DEFAULT_RTOS_ISRPARAM
                0x1fff01c4        0x4 ./Generated_Code/TU1.o
 .bss.DeviceDataPrv__DEFAULT_RTOS_ALLOC
                0x1fff01c8        0x8 ./Generated_Code/TU2.o
 .bss.__malloc_sbrk_start
                0x1fff01d0        0x4 c:/freescale/kds_v3/toolchain/bin/../lib/gcc/arm-none-eabi/4.8.4/../../../../arm-none-eabi/lib/armv7e-m/fpu\libg_s.a(lib_a-nano-mallocr.o)
                0x1fff01d0                __malloc_sbrk_start
 .bss.__malloc_free_list
                0x1fff01d4        0x4 c:/freescale/kds_v3/toolchain/bin/../lib/gcc/arm-none-eabi/4.8.4/../../../../arm-none-eabi/lib/armv7e-m/fpu\libg_s.a(lib_a-nano-mallocr.o)
                0x1fff01d4                __malloc_free_list
 .bss.heap_end.4246
                0x1fff01d8        0x4 c:/freescale/kds_v3/toolchain/bin/../lib/gcc/arm-none-eabi/4.8.4/../../../../arm-none-eabi/lib/armv7e-m/fpu\libnosys.a(sbrk.o)
 *(COMMON)
 COMMON         0x1fff01dc        0x1 ./Static_Code/System/CPU_Init.o
                0x1fff01dc                SR_reg
 COMMON         0x1fff01dd        0x1 ./Sources/Events.o
                0x1fff01dd                c
 COMMON         0x1fff01de        0x4 ./Sources/main.o
                0x1fff01de                x_measured
                0x1fff01e0                value
 *fill*         0x1fff01e2        0x2 
 COMMON         0x1fff01e4        0x8 ./Generated_Code/AD1.o
                0x1fff01e4                AD1_OutV
                0x1fff01e8                AdcLdd1_DeviceDataPtr
 COMMON         0x1fff01ec        0x4 ./Generated_Code/Inhr1.o
                0x1fff01ec                ASerialLdd1_DeviceDataPtr
 COMMON         0x1fff01f0        0x4 c:/freescale/kds_v3/toolchain/bin/../lib/gcc/arm-none-eabi/4.8.4/../../../../arm-none-eabi/lib/armv7e-m/fpu\libg_s.a(lib_a-reent.o)
                0x1fff01f0                errno
                0x1fff01f4                . = ALIGN (0x4)
                0x1fff01f4                __END_BSS = .
                0x1fff01f4                PROVIDE (__bss_end__, __END_BSS)
                0x00003fb0                _romp_at = ((___ROM_AT + SIZEOF (.data)) + SIZEOF (.m_data_20000000))

.romp           0x1fff01f4       0x24 load address 0x00003fb0
                0x00003fb0                __S_romp = _romp_at
                0x1fff01f4        0x4 LONG 0x3f44 ___ROM_AT
                0x1fff01f8        0x4 LONG 0x1fff0000 _sdata
                0x1fff01fc        0x4 LONG 0x6c ___data_size
                0x1fff0200        0x4 LONG 0x3fb0 ___m_data_20000000_ROMStart
                0x1fff0204        0x4 LONG 0x20000000 ___m_data_20000000_RAMStart
                0x1fff0208        0x4 LONG 0x0 ___m_data_20000000_ROMSize
                0x1fff020c        0x4 LONG 0x0
                0x1fff0210        0x4 LONG 0x0
                0x1fff0214        0x4 LONG 0x0
                0x00080000                text_end = (ORIGIN (m_text) + 0x7fbf0)
                0x00003fd4                data_init_end = ((___m_data_20000000_ROMStart + SIZEOF (.m_data_20000000)) + SIZEOF (.romp))
                0x00000001                ASSERT ((data_init_end <= text_end), region m_text overflowed with text and data)

._user_heap_stack
                0x1fff0218      0x400 load address 0x00003fd4
                0x1fff0218                . = ALIGN (0x4)
                0x1fff0218                PROVIDE (end, .)
                0x1fff0218                PROVIDE (_end, .)
                0x1fff0218                PROVIDE (__end__, .)
                0x1fff0218                __heap_addr = .
                0x1fff0218                __HeapBase = .
                0x1fff0218                . = (. + __heap_size)
                0x1fff0218                __HeapLimit = .
                0x1fff0618                . = (. + __stack_size)
 *fill*         0x1fff0218      0x400 
                0x1fff0618                . = ALIGN (0x4)

.ARM.attributes
                0x00000000       0x30
 *(.ARM.attributes)
 .ARM.attributes
                0x00000000       0x22 c:/freescale/kds_v3/toolchain/bin/../lib/gcc/arm-none-eabi/4.8.4/armv7e-m/fpu/crti.o
 .ARM.attributes
                0x00000022       0x34 c:/freescale/kds_v3/toolchain/bin/../lib/gcc/arm-none-eabi/4.8.4/armv7e-m/fpu/crtbegin.o
 .ARM.attributes
                0x00000056       0x20 c:/freescale/kds_v3/toolchain/bin/../lib/gcc/arm-none-eabi/4.8.4/../../../../arm-none-eabi/lib/armv7e-m/fpu/crt0.o
 .ARM.attributes
                0x00000076       0x39 ./Static_Code/System/CPU_Init.o
 .ARM.attributes
                0x000000af       0x39 ./Static_Code/System/Vectors.o
 .ARM.attributes
                0x000000e8       0x39 ./Sources/Events.o
 .ARM.attributes
                0x00000121       0x39 ./Sources/main.o
 .ARM.attributes
                0x0000015a       0x39 ./Project_Settings/Startup_Code/startup.o
 .ARM.attributes
                0x00000193       0x39 ./Generated_Code/AD1.o
 .ARM.attributes
                0x000001cc       0x39 ./Generated_Code/ASerialLdd1.o
 .ARM.attributes
                0x00000205       0x39 ./Generated_Code/AdcLdd1.o
 .ARM.attributes
                0x0000023e       0x39 ./Generated_Code/Cpu.o
 .ARM.attributes
                0x00000277       0x39 ./Generated_Code/Inhr1.o
 .ARM.attributes
                0x000002b0       0x39 ./Generated_Code/PE_LDD.o
 .ARM.attributes
                0x000002e9       0x39 ./Generated_Code/PwmLdd1.o
 .ARM.attributes
                0x00000322       0x39 ./Generated_Code/PwmLdd2.o
 .ARM.attributes
                0x0000035b       0x39 ./Generated_Code/PwmLdd3.o
 .ARM.attributes
                0x00000394       0x39 ./Generated_Code/RealTimeLdd1.o
 .ARM.attributes
                0x000003cd       0x39 ./Generated_Code/TU1.o
 .ARM.attributes
                0x00000406       0x39 ./Generated_Code/TU2.o
 .ARM.attributes
                0x0000043f       0x39 ./Generated_Code/Term1.o
 .ARM.attributes
                0x00000478       0x34 c:/freescale/kds_v3/toolchain/bin/../lib/gcc/arm-none-eabi/4.8.4/../../../../arm-none-eabi/lib/armv7e-m/fpu\libm.a(lib_a-w_sqrt.o)
 .ARM.attributes
                0x000004ac       0x34 c:/freescale/kds_v3/toolchain/bin/../lib/gcc/arm-none-eabi/4.8.4/../../../../arm-none-eabi/lib/armv7e-m/fpu\libm.a(lib_a-e_sqrt.o)
 .ARM.attributes
                0x000004e0       0x34 c:/freescale/kds_v3/toolchain/bin/../lib/gcc/arm-none-eabi/4.8.4/../../../../arm-none-eabi/lib/armv7e-m/fpu\libm.a(lib_a-s_fpclassify.o)
 .ARM.attributes
                0x00000514       0x34 c:/freescale/kds_v3/toolchain/bin/../lib/gcc/arm-none-eabi/4.8.4/../../../../arm-none-eabi/lib/armv7e-m/fpu\libm.a(lib_a-s_lib_ver.o)
 .ARM.attributes
                0x00000548       0x34 c:/freescale/kds_v3/toolchain/bin/../lib/gcc/arm-none-eabi/4.8.4/../../../../arm-none-eabi/lib/armv7e-m/fpu\libm.a(lib_a-s_matherr.o)
 .ARM.attributes
                0x0000057c       0x22 c:/freescale/kds_v3/toolchain/bin/../lib/gcc/arm-none-eabi/4.8.4/armv7e-m/fpu\libgcc.a(_arm_addsubdf3.o)
 .ARM.attributes
                0x0000059e       0x22 c:/freescale/kds_v3/toolchain/bin/../lib/gcc/arm-none-eabi/4.8.4/armv7e-m/fpu\libgcc.a(_arm_muldivdf3.o)
 .ARM.attributes
                0x000005c0       0x22 c:/freescale/kds_v3/toolchain/bin/../lib/gcc/arm-none-eabi/4.8.4/armv7e-m/fpu\libgcc.a(_arm_cmpdf2.o)
 .ARM.attributes
                0x000005e2       0x22 c:/freescale/kds_v3/toolchain/bin/../lib/gcc/arm-none-eabi/4.8.4/armv7e-m/fpu\libgcc.a(_arm_fixdfsi.o)
 .ARM.attributes
                0x00000604       0x22 c:/freescale/kds_v3/toolchain/bin/../lib/gcc/arm-none-eabi/4.8.4/armv7e-m/fpu\libgcc.a(_arm_fixunsdfsi.o)
 .ARM.attributes
                0x00000626       0x34 c:/freescale/kds_v3/toolchain/bin/../lib/gcc/arm-none-eabi/4.8.4/../../../../arm-none-eabi/lib/armv7e-m/fpu\libg_s.a(lib_a-errno.o)
 .ARM.attributes
                0x0000065a       0x34 c:/freescale/kds_v3/toolchain/bin/../lib/gcc/arm-none-eabi/4.8.4/../../../../arm-none-eabi/lib/armv7e-m/fpu\libg_s.a(lib_a-exit.o)
 .ARM.attributes
                0x0000068e       0x34 c:/freescale/kds_v3/toolchain/bin/../lib/gcc/arm-none-eabi/4.8.4/../../../../arm-none-eabi/lib/armv7e-m/fpu\libg_s.a(lib_a-impure.o)
 .ARM.attributes
                0x000006c2       0x34 c:/freescale/kds_v3/toolchain/bin/../lib/gcc/arm-none-eabi/4.8.4/../../../../arm-none-eabi/lib/armv7e-m/fpu\libg_s.a(lib_a-init.o)
 .ARM.attributes
                0x000006f6       0x34 c:/freescale/kds_v3/toolchain/bin/../lib/gcc/arm-none-eabi/4.8.4/../../../../arm-none-eabi/lib/armv7e-m/fpu\libg_s.a(lib_a-memset.o)
 .ARM.attributes
                0x0000072a       0x34 c:/freescale/kds_v3/toolchain/bin/../lib/gcc/arm-none-eabi/4.8.4/../../../../arm-none-eabi/lib/armv7e-m/fpu\libg_s.a(lib_a-rand.o)
 .ARM.attributes
                0x0000075e       0x34 c:/freescale/kds_v3/toolchain/bin/../lib/gcc/arm-none-eabi/4.8.4/../../../../arm-none-eabi/lib/armv7e-m/fpu\libg_s.a(lib_a-malloc.o)
 .ARM.attributes
                0x00000792       0x34 c:/freescale/kds_v3/toolchain/bin/../lib/gcc/arm-none-eabi/4.8.4/../../../../arm-none-eabi/lib/armv7e-m/fpu\libg_s.a(lib_a-nano-mallocr.o)
 .ARM.attributes
                0x000007c6       0x34 c:/freescale/kds_v3/toolchain/bin/../lib/gcc/arm-none-eabi/4.8.4/../../../../arm-none-eabi/lib/armv7e-m/fpu\libg_s.a(lib_a-sbrkr.o)
 .ARM.attributes
                0x000007fa       0x34 c:/freescale/kds_v3/toolchain/bin/../lib/gcc/arm-none-eabi/4.8.4/../../../../arm-none-eabi/lib/armv7e-m/fpu\libg_s.a(lib_a-reent.o)
 .ARM.attributes
                0x0000082e       0x34 c:/freescale/kds_v3/toolchain/bin/../lib/gcc/arm-none-eabi/4.8.4/../../../../arm-none-eabi/lib/armv7e-m/fpu\libnosys.a(sbrk.o)
 .ARM.attributes
                0x00000862       0x34 c:/freescale/kds_v3/toolchain/bin/../lib/gcc/arm-none-eabi/4.8.4/../../../../arm-none-eabi/lib/armv7e-m/fpu\libnosys.a(_exit.o)
 .ARM.attributes
                0x00000896       0x22 c:/freescale/kds_v3/toolchain/bin/../lib/gcc/arm-none-eabi/4.8.4/armv7e-m/fpu/crtn.o
OUTPUT(Peng_Cheng_Exam_2018.elf elf32-littlearm)

.debug_info     0x00000000     0x54aa
 .debug_info    0x00000000      0xab8 ./Static_Code/System/CPU_Init.o
 .debug_info    0x00000ab8      0x826 ./Static_Code/System/Vectors.o
 .debug_info    0x000012de       0xdd ./Sources/Events.o
 .debug_info    0x000013bb      0x3e4 ./Sources/main.o
 .debug_info    0x0000179f      0x3b0 ./Project_Settings/Startup_Code/startup.o
 .debug_info    0x00001b4f      0x23b ./Generated_Code/AD1.o
 .debug_info    0x00001d8a      0xa74 ./Generated_Code/ASerialLdd1.o
 .debug_info    0x000027fe      0x965 ./Generated_Code/AdcLdd1.o
 .debug_info    0x00003163       0xa7 ./Generated_Code/Cpu.o
 .debug_info    0x0000320a      0x377 ./Generated_Code/Inhr1.o
 .debug_info    0x00003581      0x251 ./Generated_Code/PE_LDD.o
 .debug_info    0x000037d2      0x2d4 ./Generated_Code/PwmLdd1.o
 .debug_info    0x00003aa6      0x2d4 ./Generated_Code/PwmLdd2.o
 .debug_info    0x00003d7a      0x2d4 ./Generated_Code/PwmLdd3.o
 .debug_info    0x0000404e      0x36e ./Generated_Code/RealTimeLdd1.o
 .debug_info    0x000043bc      0x682 ./Generated_Code/TU1.o
 .debug_info    0x00004a3e      0x766 ./Generated_Code/TU2.o
 .debug_info    0x000051a4      0x306 ./Generated_Code/Term1.o

.debug_abbrev   0x00000000     0x16e4
 .debug_abbrev  0x00000000      0x1bf ./Static_Code/System/CPU_Init.o
 .debug_abbrev  0x000001bf       0xd8 ./Static_Code/System/Vectors.o
 .debug_abbrev  0x00000297       0x75 ./Sources/Events.o
 .debug_abbrev  0x0000030c      0x168 ./Sources/main.o
 .debug_abbrev  0x00000474      0x189 ./Project_Settings/Startup_Code/startup.o
 .debug_abbrev  0x000005fd      0x150 ./Generated_Code/AD1.o
 .debug_abbrev  0x0000074d      0x1e8 ./Generated_Code/ASerialLdd1.o
 .debug_abbrev  0x00000935      0x1b4 ./Generated_Code/AdcLdd1.o
 .debug_abbrev  0x00000ae9       0x45 ./Generated_Code/Cpu.o
 .debug_abbrev  0x00000b2e      0x18f ./Generated_Code/Inhr1.o
 .debug_abbrev  0x00000cbd      0x10d ./Generated_Code/PE_LDD.o
 .debug_abbrev  0x00000dca      0x122 ./Generated_Code/PwmLdd1.o
 .debug_abbrev  0x00000eec      0x122 ./Generated_Code/PwmLdd2.o
 .debug_abbrev  0x0000100e      0x122 ./Generated_Code/PwmLdd3.o
 .debug_abbrev  0x00001130      0x150 ./Generated_Code/RealTimeLdd1.o
 .debug_abbrev  0x00001280      0x16a ./Generated_Code/TU1.o
 .debug_abbrev  0x000013ea      0x198 ./Generated_Code/TU2.o
 .debug_abbrev  0x00001582      0x162 ./Generated_Code/Term1.o

.debug_aranges  0x00000000      0x828
 .debug_aranges
                0x00000000       0x40 ./Static_Code/System/CPU_Init.o
 .debug_aranges
                0x00000040      0x340 ./Static_Code/System/Vectors.o
 .debug_aranges
                0x00000380       0x38 ./Sources/Events.o
 .debug_aranges
                0x000003b8       0x80 ./Sources/main.o
 .debug_aranges
                0x00000438       0x50 ./Project_Settings/Startup_Code/startup.o
 .debug_aranges
                0x00000488       0x48 ./Generated_Code/AD1.o
 .debug_aranges
                0x000004d0       0x50 ./Generated_Code/ASerialLdd1.o
 .debug_aranges
                0x00000520       0x60 ./Generated_Code/AdcLdd1.o
 .debug_aranges
                0x00000580       0x28 ./Generated_Code/Cpu.o
 .debug_aranges
                0x000005a8       0x60 ./Generated_Code/Inhr1.o
 .debug_aranges
                0x00000608       0x30 ./Generated_Code/PE_LDD.o
 .debug_aranges
                0x00000638       0x40 ./Generated_Code/PwmLdd1.o
 .debug_aranges
                0x00000678       0x40 ./Generated_Code/PwmLdd2.o
 .debug_aranges
                0x000006b8       0x40 ./Generated_Code/PwmLdd3.o
 .debug_aranges
                0x000006f8       0x40 ./Generated_Code/RealTimeLdd1.o
 .debug_aranges
                0x00000738       0x30 ./Generated_Code/TU1.o
 .debug_aranges
                0x00000768       0x48 ./Generated_Code/TU2.o
 .debug_aranges
                0x000007b0       0x78 ./Generated_Code/Term1.o

.debug_ranges   0x00000000      0x708
 .debug_ranges  0x00000000       0x30 ./Static_Code/System/CPU_Init.o
 .debug_ranges  0x00000030      0x330 ./Static_Code/System/Vectors.o
 .debug_ranges  0x00000360       0x28 ./Sources/Events.o
 .debug_ranges  0x00000388       0x70 ./Sources/main.o
 .debug_ranges  0x000003f8       0x40 ./Project_Settings/Startup_Code/startup.o
 .debug_ranges  0x00000438       0x38 ./Generated_Code/AD1.o
 .debug_ranges  0x00000470       0x40 ./Generated_Code/ASerialLdd1.o
 .debug_ranges  0x000004b0       0x50 ./Generated_Code/AdcLdd1.o
 .debug_ranges  0x00000500       0x18 ./Generated_Code/Cpu.o
 .debug_ranges  0x00000518       0x50 ./Generated_Code/Inhr1.o
 .debug_ranges  0x00000568       0x20 ./Generated_Code/PE_LDD.o
 .debug_ranges  0x00000588       0x30 ./Generated_Code/PwmLdd1.o
 .debug_ranges  0x000005b8       0x30 ./Generated_Code/PwmLdd2.o
 .debug_ranges  0x000005e8       0x30 ./Generated_Code/PwmLdd3.o
 .debug_ranges  0x00000618       0x30 ./Generated_Code/RealTimeLdd1.o
 .debug_ranges  0x00000648       0x20 ./Generated_Code/TU1.o
 .debug_ranges  0x00000668       0x38 ./Generated_Code/TU2.o
 .debug_ranges  0x000006a0       0x68 ./Generated_Code/Term1.o

.debug_macro    0x00000000    0x25cda
 .debug_macro   0x00000000      0x251 ./Static_Code/System/CPU_Init.o
 .debug_macro   0x00000251      0x850 ./Static_Code/System/CPU_Init.o
 .debug_macro   0x00000aa1       0x16 ./Static_Code/System/CPU_Init.o
 .debug_macro   0x00000ab7       0x44 ./Static_Code/System/CPU_Init.o
 .debug_macro   0x00000afb      0x209 ./Static_Code/System/CPU_Init.o
 .debug_macro   0x00000d04     0x17a6 ./Static_Code/System/CPU_Init.o
 .debug_macro   0x000024aa     0xbca7 ./Static_Code/System/CPU_Init.o
 .debug_macro   0x0000e151      0x4c6 ./Static_Code/System/CPU_Init.o
 .debug_macro   0x0000e617      0x14e ./Static_Code/System/CPU_Init.o
 .debug_macro   0x0000e765       0x6a ./Static_Code/System/CPU_Init.o
 .debug_macro   0x0000e7cf       0x58 ./Static_Code/System/CPU_Init.o
 .debug_macro   0x0000e827       0x35 ./Static_Code/System/CPU_Init.o
 .debug_macro   0x0000e85c       0xa3 ./Static_Code/System/CPU_Init.o
 .debug_macro   0x0000e8ff       0x16 ./Static_Code/System/CPU_Init.o
 .debug_macro   0x0000e915       0x3a ./Static_Code/System/CPU_Init.o
 .debug_macro   0x0000e94f       0x65 ./Static_Code/System/CPU_Init.o
 .debug_macro   0x0000e9b4       0x1f ./Static_Code/System/CPU_Init.o
 .debug_macro   0x0000e9d3       0x94 ./Static_Code/System/CPU_Init.o
 .debug_macro   0x0000ea67      0x616 ./Static_Code/System/CPU_Init.o
 .debug_macro   0x0000f07d       0x7b ./Static_Code/System/CPU_Init.o
 .debug_macro   0x0000f0f8       0x10 ./Static_Code/System/CPU_Init.o
 .debug_macro   0x0000f108      0x6a6 ./Static_Code/System/CPU_Init.o
 .debug_macro   0x0000f7ae       0x82 ./Static_Code/System/CPU_Init.o
 .debug_macro   0x0000f830       0x3c ./Static_Code/System/CPU_Init.o
 .debug_macro   0x0000f86c       0x25 ./Static_Code/System/CPU_Init.o
 .debug_macro   0x0000f891       0x3c ./Static_Code/System/CPU_Init.o
 .debug_macro   0x0000f8cd       0x25 ./Static_Code/System/CPU_Init.o
 .debug_macro   0x0000f8f2       0x58 ./Static_Code/System/CPU_Init.o
 .debug_macro   0x0000f94a       0x28 ./Static_Code/System/CPU_Init.o
 .debug_macro   0x0000f972       0x18 ./Static_Code/System/CPU_Init.o
 .debug_macro   0x0000f98a       0x3c ./Static_Code/System/CPU_Init.o
 .debug_macro   0x0000f9c6       0x25 ./Static_Code/System/CPU_Init.o
 .debug_macro   0x0000f9eb      0x2a1 ./Static_Code/System/CPU_Init.o
 .debug_macro   0x0000fc8c      0x23f ./Static_Code/System/Vectors.o
 .debug_macro   0x0000fecb      0x34e ./Sources/Events.o
 .debug_macro   0x00010219      0x6a0 ./Sources/Events.o
 .debug_macro   0x000108b9       0x52 ./Sources/Events.o
 .debug_macro   0x0001090b       0x89 ./Sources/Events.o
 .debug_macro   0x00010994       0x36 ./Sources/Events.o
 .debug_macro   0x000109ca      0x61c ./Sources/Events.o
 .debug_macro   0x00010fe6      0x328 ./Sources/Events.o
 .debug_macro   0x0001130e      0x109 ./Sources/Events.o
 .debug_macro   0x00011417      0x17f ./Sources/Events.o
 .debug_macro   0x00011596      0x202 ./Sources/Events.o
 .debug_macro   0x00011798      0x91e ./Sources/Events.o
 .debug_macro   0x000120b6       0x9e ./Sources/Events.o
 .debug_macro   0x00012154      0x1f9 ./Sources/Events.o
 .debug_macro   0x0001234d      0x39c ./Sources/Events.o
 .debug_macro   0x000126e9      0x132 ./Sources/Events.o
 .debug_macro   0x0001281b      0x29c ./Sources/Events.o
 .debug_macro   0x00012ab7      0x264 ./Sources/Events.o
 .debug_macro   0x00012d1b      0x25b ./Sources/Events.o
 .debug_macro   0x00012f76      0x399 ./Sources/Events.o
 .debug_macro   0x0001330f      0x4f1 ./Sources/Events.o
 .debug_macro   0x00013800      0x13f ./Sources/Events.o
 .debug_macro   0x0001393f       0x6c ./Sources/Events.o
 .debug_macro   0x000139ab      0x30d ./Sources/Events.o
 .debug_macro   0x00013cb8       0xbb ./Sources/Events.o
 .debug_macro   0x00013d73       0xe9 ./Sources/Events.o
 .debug_macro   0x00013e5c      0x4ea ./Sources/Events.o
 .debug_macro   0x00014346      0x18f ./Sources/Events.o
 .debug_macro   0x000144d5       0xea ./Sources/Events.o
 .debug_macro   0x000145bf      0x344 ./Sources/Events.o
 .debug_macro   0x00014903      0x824 ./Sources/Events.o
 .debug_macro   0x00015127      0x179 ./Sources/Events.o
 .debug_macro   0x000152a0      0x9e2 ./Sources/Events.o
 .debug_macro   0x00015c82      0x129 ./Sources/Events.o
 .debug_macro   0x00015dab      0x648 ./Sources/Events.o
 .debug_macro   0x000163f3       0x81 ./Sources/Events.o
 .debug_macro   0x00016474      0x7bf ./Sources/Events.o
 .debug_macro   0x00016c33      0x66f ./Sources/Events.o
 .debug_macro   0x000172a2       0x7b ./Sources/Events.o
 .debug_macro   0x0001731d      0x182 ./Sources/Events.o
 .debug_macro   0x0001749f      0x3d3 ./Sources/main.o
 .debug_macro   0x00017872       0x16 ./Sources/main.o
 .debug_macro   0x00017888      0x10e ./Sources/main.o
 .debug_macro   0x00017996       0x7f ./Sources/main.o
 .debug_macro   0x00017a15       0x52 ./Sources/main.o
 .debug_macro   0x00017a67       0x16 ./Sources/main.o
 .debug_macro   0x00017a7d       0x43 ./Sources/main.o
 .debug_macro   0x00017ac0      0x180 ./Sources/main.o
 .debug_macro   0x00017c40       0x22 ./Sources/main.o
 .debug_macro   0x00017c62       0xde ./Sources/main.o
 .debug_macro   0x00017d40      0x121 ./Project_Settings/Startup_Code/startup.o
 .debug_macro   0x00017e61      0x166 ./Project_Settings/Startup_Code/startup.o
 .debug_macro   0x00017fc7       0x4a ./Project_Settings/Startup_Code/startup.o
 .debug_macro   0x00018011      0x2a6 ./Project_Settings/Startup_Code/startup.o
 .debug_macro   0x000182b7       0x10 ./Project_Settings/Startup_Code/startup.o
 .debug_macro   0x000182c7       0x35 ./Project_Settings/Startup_Code/startup.o
 .debug_macro   0x000182fc       0x10 ./Project_Settings/Startup_Code/startup.o
 .debug_macro   0x0001830c      0x20f ./Project_Settings/Startup_Code/startup.o
 .debug_macro   0x0001851b     0xbc9b ./Project_Settings/Startup_Code/startup.o
 .debug_macro   0x000241b6      0x236 ./Generated_Code/AD1.o
 .debug_macro   0x000243ec      0x113 ./Generated_Code/ASerialLdd1.o
 .debug_macro   0x000244ff       0x5f ./Generated_Code/ASerialLdd1.o
 .debug_macro   0x0002455e       0x25 ./Generated_Code/ASerialLdd1.o
 .debug_macro   0x00024583      0x7b9 ./Generated_Code/ASerialLdd1.o
 .debug_macro   0x00024d3c      0x125 ./Generated_Code/AdcLdd1.o
 .debug_macro   0x00024e61      0x22c ./Generated_Code/Cpu.o
 .debug_macro   0x0002508d      0x29a ./Generated_Code/Inhr1.o
 .debug_macro   0x00025327      0x1e5 ./Generated_Code/PE_LDD.o
 .debug_macro   0x0002550c       0x34 ./Generated_Code/PE_LDD.o
 .debug_macro   0x00025540      0x112 ./Generated_Code/PwmLdd1.o
 .debug_macro   0x00025652       0x36 ./Generated_Code/PwmLdd1.o
 .debug_macro   0x00025688      0x112 ./Generated_Code/PwmLdd2.o
 .debug_macro   0x0002579a      0x112 ./Generated_Code/PwmLdd3.o
 .debug_macro   0x000258ac      0x109 ./Generated_Code/RealTimeLdd1.o
 .debug_macro   0x000259b5      0x10f ./Generated_Code/TU1.o
 .debug_macro   0x00025ac4      0x110 ./Generated_Code/TU2.o
 .debug_macro   0x00025bd4      0x106 ./Generated_Code/Term1.o

.debug_line     0x00000000     0x560c
 .debug_line    0x00000000      0x57b ./Static_Code/System/CPU_Init.o
 .debug_line    0x0000057b      0xb1a ./Static_Code/System/Vectors.o
 .debug_line    0x00001095      0x5d2 ./Sources/Events.o
 .debug_line    0x00001667      0x7e5 ./Sources/main.o
 .debug_line    0x00001e4c      0x3ae ./Project_Settings/Startup_Code/startup.o
 .debug_line    0x000021fa      0x489 ./Generated_Code/AD1.o
 .debug_line    0x00002683      0x41f ./Generated_Code/ASerialLdd1.o
 .debug_line    0x00002aa2      0x40d ./Generated_Code/AdcLdd1.o
 .debug_line    0x00002eaf      0x45d ./Generated_Code/Cpu.o
 .debug_line    0x0000330c      0x58a ./Generated_Code/Inhr1.o
 .debug_line    0x00003896      0x41c ./Generated_Code/PE_LDD.o
 .debug_line    0x00003cb2      0x36e ./Generated_Code/PwmLdd1.o
 .debug_line    0x00004020      0x36e ./Generated_Code/PwmLdd2.o
 .debug_line    0x0000438e      0x36e ./Generated_Code/PwmLdd3.o
 .debug_line    0x000046fc      0x3aa ./Generated_Code/RealTimeLdd1.o
 .debug_line    0x00004aa6      0x34e ./Generated_Code/TU1.o
 .debug_line    0x00004df4      0x3a9 ./Generated_Code/TU2.o
 .debug_line    0x0000519d      0x46f ./Generated_Code/Term1.o

.debug_str      0x00000000    0xbdb45
 .debug_str     0x00000000    0x5c659 ./Static_Code/System/CPU_Init.o
                              0x5c809 (size before relaxing)
 .debug_str     0x0005c659      0x980 ./Static_Code/System/Vectors.o
                              0x5cc2a (size before relaxing)
 .debug_str     0x0005cfd9    0x5cfc3 ./Sources/Events.o
                              0xb8453 (size before relaxing)
 .debug_str     0x000b9f9c     0x191e ./Sources/main.o
                              0xb9dc1 (size before relaxing)
 .debug_str     0x000bb8ba     0x1003 ./Project_Settings/Startup_Code/startup.o
                              0x45bb5 (size before relaxing)
 .debug_str     0x000bc8bd      0x141 ./Generated_Code/AD1.o
                              0x5b3ad (size before relaxing)
 .debug_str     0x000bc9fe      0x39e ./Generated_Code/ASerialLdd1.o
                              0x5b581 (size before relaxing)
 .debug_str     0x000bcd9c      0x2e4 ./Generated_Code/AdcLdd1.o
                              0x51b24 (size before relaxing)
 .debug_str     0x000bd080       0x28 ./Generated_Code/Cpu.o
                              0x5b26f (size before relaxing)
 .debug_str     0x000bd0a8      0x250 ./Generated_Code/Inhr1.o
                              0x5b53f (size before relaxing)
 .debug_str     0x000bd2f8      0x166 ./Generated_Code/PE_LDD.o
                              0x5b408 (size before relaxing)
 .debug_str     0x000bd45e       0xd8 ./Generated_Code/PwmLdd1.o
                              0x5597c (size before relaxing)
 .debug_str     0x000bd536       0x82 ./Generated_Code/PwmLdd2.o
                              0x5597c (size before relaxing)
 .debug_str     0x000bd5b8       0x74 ./Generated_Code/PwmLdd3.o
                              0x5597c (size before relaxing)
 .debug_str     0x000bd62c       0xe0 ./Generated_Code/RealTimeLdd1.o
                              0x558fd (size before relaxing)
 .debug_str     0x000bd70c      0x189 ./Generated_Code/TU1.o
                              0x55a7e (size before relaxing)
 .debug_str     0x000bd895      0x1b1 ./Generated_Code/TU2.o
                              0x55ad1 (size before relaxing)
 .debug_str     0x000bda46       0xff ./Generated_Code/Term1.o
                              0x4c674 (size before relaxing)

.comment        0x00000000       0x70
 .comment       0x00000000       0x70 ./Static_Code/System/CPU_Init.o
                                 0x71 (size before relaxing)
 .comment       0x00000000       0x71 ./Static_Code/System/Vectors.o
 .comment       0x00000000       0x71 ./Sources/Events.o
 .comment       0x00000000       0x71 ./Sources/main.o
 .comment       0x00000000       0x71 ./Project_Settings/Startup_Code/startup.o
 .comment       0x00000000       0x71 ./Generated_Code/AD1.o
 .comment       0x00000000       0x71 ./Generated_Code/ASerialLdd1.o
 .comment       0x00000000       0x71 ./Generated_Code/AdcLdd1.o
 .comment       0x00000000       0x71 ./Generated_Code/Cpu.o
 .comment       0x00000000       0x71 ./Generated_Code/Inhr1.o
 .comment       0x00000000       0x71 ./Generated_Code/PE_LDD.o
 .comment       0x00000000       0x71 ./Generated_Code/PwmLdd1.o
 .comment       0x00000000       0x71 ./Generated_Code/PwmLdd2.o
 .comment       0x00000000       0x71 ./Generated_Code/PwmLdd3.o
 .comment       0x00000000       0x71 ./Generated_Code/RealTimeLdd1.o
 .comment       0x00000000       0x71 ./Generated_Code/TU1.o
 .comment       0x00000000       0x71 ./Generated_Code/TU2.o
 .comment       0x00000000       0x71 ./Generated_Code/Term1.o

.debug_frame    0x00000000     0x1ca0
 .debug_frame   0x00000000       0x9c ./Static_Code/System/CPU_Init.o
 .debug_frame   0x0000009c      0xcb0 ./Static_Code/System/Vectors.o
 .debug_frame   0x00000d4c       0x74 ./Sources/Events.o
 .debug_frame   0x00000dc0      0x198 ./Sources/main.o
 .debug_frame   0x00000f58       0xc0 ./Project_Settings/Startup_Code/startup.o
 .debug_frame   0x00001018       0xc4 ./Generated_Code/AD1.o
 .debug_frame   0x000010dc       0xec ./Generated_Code/ASerialLdd1.o
 .debug_frame   0x000011c8      0x114 ./Generated_Code/AdcLdd1.o
 .debug_frame   0x000012dc       0x50 ./Generated_Code/Cpu.o
 .debug_frame   0x0000132c      0x118 ./Generated_Code/Inhr1.o
 .debug_frame   0x00001444       0x64 ./Generated_Code/PE_LDD.o
 .debug_frame   0x000014a8       0xb0 ./Generated_Code/PwmLdd1.o
 .debug_frame   0x00001558       0xb0 ./Generated_Code/PwmLdd2.o
 .debug_frame   0x00001608       0xb0 ./Generated_Code/PwmLdd3.o
 .debug_frame   0x000016b8       0xa4 ./Generated_Code/RealTimeLdd1.o
 .debug_frame   0x0000175c       0x6c ./Generated_Code/TU1.o
 .debug_frame   0x000017c8       0xbc ./Generated_Code/TU2.o
 .debug_frame   0x00001884      0x178 ./Generated_Code/Term1.o
 .debug_frame   0x000019fc       0x38 c:/freescale/kds_v3/toolchain/bin/../lib/gcc/arm-none-eabi/4.8.4/../../../../arm-none-eabi/lib/armv7e-m/fpu\libm.a(lib_a-w_sqrt.o)
 .debug_frame   0x00001a34       0x3c c:/freescale/kds_v3/toolchain/bin/../lib/gcc/arm-none-eabi/4.8.4/../../../../arm-none-eabi/lib/armv7e-m/fpu\libm.a(lib_a-e_sqrt.o)
 .debug_frame   0x00001a70       0x28 c:/freescale/kds_v3/toolchain/bin/../lib/gcc/arm-none-eabi/4.8.4/../../../../arm-none-eabi/lib/armv7e-m/fpu\libm.a(lib_a-s_fpclassify.o)
 .debug_frame   0x00001a98       0x20 c:/freescale/kds_v3/toolchain/bin/../lib/gcc/arm-none-eabi/4.8.4/../../../../arm-none-eabi/lib/armv7e-m/fpu\libm.a(lib_a-s_matherr.o)
 .debug_frame   0x00001ab8       0x20 c:/freescale/kds_v3/toolchain/bin/../lib/gcc/arm-none-eabi/4.8.4/../../../../arm-none-eabi/lib/armv7e-m/fpu\libg_s.a(lib_a-errno.o)
 .debug_frame   0x00001ad8       0x28 c:/freescale/kds_v3/toolchain/bin/../lib/gcc/arm-none-eabi/4.8.4/../../../../arm-none-eabi/lib/armv7e-m/fpu\libg_s.a(lib_a-exit.o)
 .debug_frame   0x00001b00       0x2c c:/freescale/kds_v3/toolchain/bin/../lib/gcc/arm-none-eabi/4.8.4/../../../../arm-none-eabi/lib/armv7e-m/fpu\libg_s.a(lib_a-init.o)
 .debug_frame   0x00001b2c       0x20 c:/freescale/kds_v3/toolchain/bin/../lib/gcc/arm-none-eabi/4.8.4/../../../../arm-none-eabi/lib/armv7e-m/fpu\libg_s.a(lib_a-memset.o)
 .debug_frame   0x00001b4c       0x44 c:/freescale/kds_v3/toolchain/bin/../lib/gcc/arm-none-eabi/4.8.4/../../../../arm-none-eabi/lib/armv7e-m/fpu\libg_s.a(lib_a-rand.o)
 .debug_frame   0x00001b90       0x30 c:/freescale/kds_v3/toolchain/bin/../lib/gcc/arm-none-eabi/4.8.4/../../../../arm-none-eabi/lib/armv7e-m/fpu\libg_s.a(lib_a-malloc.o)
 .debug_frame   0x00001bc0       0x2c c:/freescale/kds_v3/toolchain/bin/../lib/gcc/arm-none-eabi/4.8.4/../../../../arm-none-eabi/lib/armv7e-m/fpu\libg_s.a(lib_a-nano-mallocr.o)
 .debug_frame   0x00001bec       0x2c c:/freescale/kds_v3/toolchain/bin/../lib/gcc/arm-none-eabi/4.8.4/../../../../arm-none-eabi/lib/armv7e-m/fpu\libg_s.a(lib_a-sbrkr.o)
 .debug_frame   0x00001c18       0x48 c:/freescale/kds_v3/toolchain/bin/../lib/gcc/arm-none-eabi/4.8.4/../../../../arm-none-eabi/lib/armv7e-m/fpu\libg_s.a(lib_a-reent.o)
 .debug_frame   0x00001c60       0x20 c:/freescale/kds_v3/toolchain/bin/../lib/gcc/arm-none-eabi/4.8.4/../../../../arm-none-eabi/lib/armv7e-m/fpu\libnosys.a(sbrk.o)
 .debug_frame   0x00001c80       0x20 c:/freescale/kds_v3/toolchain/bin/../lib/gcc/arm-none-eabi/4.8.4/../../../../arm-none-eabi/lib/armv7e-m/fpu\libnosys.a(_exit.o)
